// Jest Snapshot v1, https://goo.gl/fbAQLP

exports[`<CreateItem/> renders and matched snapshot 1`] = `null`;
